*** 2025-06-01 17:33:41.271 idempiere Log (CLogFile) ***
17:33:41.270 Setup.<init>: iDempiere(r) Release 12_2024-12-24 -Smart Suite ERP, CRM and SCM- (c) 1999-2025 iDempiere(r); Implementation: iDempiere - Supported by iDempiere community [1]
17:33:41.362 ConfigurationData.load: Defaults [1]
17:33:41.786 AnnotationBasedModelFactory.lambda$0: AnnotationBasedModelFactory loaded 750 classes in 1.302s [34]
17:33:54.213 Config.test: OK: JavaHome=C:\Program Files\Java\jdk-17 [207]
17:33:54.214 Config.test: OK: Version=17.0.12 [207]
17:33:54.216 ConfigurationData.testAdempiere: OK: AdempiereHome = C:\Users\Ashraful\sources\idempiere [207]
17:33:54.223 KeyStoreMgt.<init>: C:\Users\Ashraful\sources\idempiere\jettyhome/etc\keystore [207]
17:33:54.228 KeyStoreMgt.createCertificate:  [207]
17:34:03.623 ConfigurationData.testAdempiere: OK: KeyStore = C:\Users\Ashraful\sources\idempiere\jettyhome/etc\keystore [207]
17:34:03.623 Config.test: OK: AppsServer = /0.0.0.0 [207]
17:34:05.706 Config.test: OK: Web Port = 8080 [207]
17:34:07.835 Config.test: OK: SSL Port = 8443 [207]
17:34:07.838 ConfigPostgreSQL.test: OK: Database Server = localhost/127.0.0.1 [207]
17:34:07.840 ConfigPostgreSQL.test: OK: Database Port = 5432 [207]
17:34:07.918 ConfigPostgreSQL.test: OK: System Connection = jdbc:postgresql://localhost:5432/template1 [207]
17:34:07.939 ConfigPostgreSQL.test: OK: Database User = adempiere [207]
17:34:07.939 ConfigurationData.testMail: OK: EMail not configured [207]
17:34:41.200 Config.test: OK: JavaHome=C:\Program Files\Java\jdk-17 [210]
17:34:41.201 Config.test: OK: Version=17.0.12 [210]
17:34:41.202 ConfigurationData.testAdempiere: OK: AdempiereHome = C:\Users\Ashraful\sources\idempiere [210]
17:34:41.202 KeyStoreMgt.<init>: C:\Users\Ashraful\sources\idempiere\jettyhome/etc\keystore [210]
17:34:41.204 ConfigurationData.testAdempiere: OK: KeyStore = C:\Users\Ashraful\sources\idempiere\jettyhome/etc\keystore [210]
17:34:41.204 Config.test: OK: AppsServer = /0.0.0.0 [210]
17:34:43.242 Config.test: OK: Web Port = 8080 [210]
17:34:45.287 Config.test: OK: SSL Port = 8443 [210]
17:34:45.288 ConfigPostgreSQL.test: OK: Database Server = localhost/127.0.0.1 [210]
17:34:45.290 ConfigPostgreSQL.test: OK: Database Port = 5432 [210]
17:34:45.339 ConfigPostgreSQL.test: OK: System Connection = jdbc:postgresql://localhost:5432/template1 [210]
17:34:45.356 ConfigPostgreSQL.test: OK: Database User = adempiere [210]
17:34:45.357 ConfigurationData.testMail: OK: EMail not configured [210]
17:34:45.359-----------> Ini.loadProperties: C:\Users\Ashraful\sources\idempiere\idempiere.properties not found [204]
17:34:45.360 Ini.loadProperties: C:\Users\Ashraful\sources\idempiere\idempiere.properties #26 [204]
17:34:45.370 ConfigurationData.save: C:\Users\Ashraful\sources\idempiere\idempiereEnv.properties [204]

*** 2025-06-01 17:34:46.54 idempiere Log (CLogFile) ***
